Copyright 1986-2022 Xilinx, Inc. All Rights Reserved. Copyright 2022-2023 Advanced Micro Devices, Inc. All Rights Reserved.
---------------------------------------------------------------------------------------------------------------------------------------------
| Tool Version : Vivado v.2023.2 (lin64) Build 4029153 Fri Oct 13 20:13:54 MDT 2023
| Date         : Tue Apr 28 18:05:19 2026
| Host         : alfonso-Modern-14-B4MW running 64-bit Ubuntu 24.04.2 LTS
| Command      : report_control_sets -verbose -file top_control_sets_placed.rpt
| Design       : top
| Device       : xcu280
---------------------------------------------------------------------------------------------------------------------------------------------

Control Set Information

Table of Contents
-----------------
1. Summary
2. Histogram
3. Flip-Flop Distribution
4. Detailed Control Set Information

1. Summary
----------

+----------------------------------------------------------+-------+
|                          Status                          | Count |
+----------------------------------------------------------+-------+
| Total control sets                                       |    22 |
|    Minimum number of control sets                        |    22 |
|    Addition due to synthesis replication                 |     0 |
|    Addition due to physical synthesis replication        |     0 |
| Unused register locations in slices containing registers |    33 |
+----------------------------------------------------------+-------+
* Control sets can be merged at opt_design using control_set_merge or merge_equivalent_drivers
** Run report_qor_suggestions for automated merging and remapping suggestions


2. Histogram
------------

+--------------------+-------+
|       Fanout       | Count |
+--------------------+-------+
| Total control sets |    22 |
| >= 0 to < 4        |    15 |
| >= 4 to < 6        |     2 |
| >= 6 to < 8        |     0 |
| >= 8 to < 10       |     3 |
| >= 10 to < 12      |     0 |
| >= 12 to < 14      |     0 |
| >= 14 to < 16      |     0 |
| >= 16              |     2 |
+--------------------+-------+
* Control sets can be remapped at either synth_design or opt_design


3. Flip-Flop Distribution
-------------------------

+--------------+-----------------------+------------------------+-----------------+--------------+
| Clock Enable | Synchronous Set/Reset | Asynchronous Set/Reset | Total Registers | Total Slices |
+--------------+-----------------------+------------------------+-----------------+--------------+
| No           | No                    | No                     |               3 |            3 |
| No           | No                    | Yes                    |               0 |            0 |
| No           | Yes                   | No                     |               4 |            3 |
| Yes          | No                    | No                     |              46 |            9 |
| Yes          | No                    | Yes                    |               0 |            0 |
| Yes          | Yes                   | No                     |              70 |           10 |
+--------------+-----------------------+------------------------+-----------------+--------------+


4. Detailed Control Set Information
-----------------------------------

+-------------------------------+-------------------------------------------------------+------------------------------+------------------+----------------+--------------+
|          Clock Signal         |                     Enable Signal                     |       Set/Reset Signal       | Slice Load Count | Bel Load Count | Bels / Slice |
+-------------------------------+-------------------------------------------------------+------------------------------+------------------+----------------+--------------+
|  pll_50MHz_inst/inst/clk_out1 | uart_receiver/o_uart_rx_data[7]                       |                              |                1 |              1 |         1.00 |
|  pll_50MHz_inst/inst/clk_out1 | uart_receiver/o_uart_rx_data[6]                       |                              |                1 |              1 |         1.00 |
|  pll_50MHz_inst/inst/clk_out1 | uart_receiver/o_uart_rx_data[5]                       |                              |                1 |              1 |         1.00 |
|  pll_50MHz_inst/inst/clk_out1 | uart_receiver/o_uart_rx_data[0]                       |                              |                1 |              1 |         1.00 |
|  pll_50MHz_inst/inst/clk_out1 | uart_receiver/o_uart_rx_data[1]                       |                              |                1 |              1 |         1.00 |
|  pll_50MHz_inst/inst/clk_out1 | uart_receiver/o_uart_rx_data[2]                       |                              |                1 |              1 |         1.00 |
|  pll_50MHz_inst/inst/clk_out1 | uart_receiver/o_uart_rx_data[3]                       |                              |                1 |              1 |         1.00 |
|  pll_50MHz_inst/inst/clk_out1 | uart_receiver/o_uart_rx_data[4]                       |                              |                1 |              1 |         1.00 |
|  pll_50MHz_inst/inst/clk_out1 | uart_receiver/FSM_sequential_r_state[1]_i_1_n_0       |                              |                1 |              2 |         2.00 |
|  pll_50MHz_inst/inst/clk_out1 | uart_transmitter/FSM_sequential_r_state[1]_i_1__0_n_0 |                              |                2 |              2 |         1.00 |
|  pll_50MHz_inst/inst/clk_out1 |                                                       |                              |                3 |              3 |         1.00 |
|  pll_50MHz_inst/inst/clk_out1 | FSM_onehot_r_echo_state[2]_i_1_n_0                    | w_sys_rst                    |                1 |              3 |         3.00 |
|  pll_50MHz_inst/inst/clk_out1 | uart_transmitter/r_tx_data_index                      |                              |                2 |              3 |         1.50 |
|  pll_50MHz_inst/inst/clk_out1 | uart_transmitter/E[0]                                 | w_sys_rst                    |                1 |              3 |         3.00 |
|  pll_50MHz_inst/inst/clk_out1 | uart_receiver/r_rx_data_index                         |                              |                1 |              3 |         3.00 |
|  pll_50MHz_inst/inst/clk_out1 | w_sys_rst                                             |                              |                1 |              4 |         4.00 |
|  pll_50MHz_inst/inst/clk_out1 |                                                       | w_sys_rst                    |                3 |              4 |         1.33 |
|  pll_50MHz_inst/inst/clk_out1 | r_uart_tx_data                                        |                              |                2 |              8 |         4.00 |
|  pll_50MHz_inst/inst/clk_out1 | r_tx_fifo_din                                         |                              |                1 |              8 |         8.00 |
|  pll_50MHz_inst/inst/clk_out1 | uart_transmitter/r_data_0                             |                              |                2 |              8 |         4.00 |
|  pll_50MHz_inst/inst/clk_out1 | uart_receiver/r_clk_count[0]_i_2_n_0                  | uart_receiver/r_clk_count    |                4 |             32 |         8.00 |
|  pll_50MHz_inst/inst/clk_out1 | uart_transmitter/r_clk_count[0]_i_2__0_n_0            | uart_transmitter/r_clk_count |                4 |             32 |         8.00 |
+-------------------------------+-------------------------------------------------------+------------------------------+------------------+----------------+--------------+


